// Jest Snapshot v1, https://goo.gl/fbAQLP

exports[`Alert matches the snapshot 1`] = `
<DocumentFragment>
  <div
    class="error-alert"
  >
     Not successful
  </div>
</DocumentFragment>
`;
